     1                                  section .data
     2                                  
     3 00000000 4B414E4741524F4F        	Snippet: db "KANGAROO"
     4                                  	
     5                                  section .text
     6                                  
     7                                  global _start
     8                                  
     9                                  _start:
    10 00000000 90                      	nop
    11                                  	; Put your experiments between the two nops...
    12                                  	
    13 00000001 66B8D6FF                	mov ax,-42
    14 00000005 0FBFD8                  	movsx ebx,ax
    15                                  
    16                                  	
    17                                  	; Put your experiments between the two nops...
    18 00000008 90                      	nop
    19                                  
    20                                  
    21                                  	;-------------------------------------------------------------------
    22 00000009 BB00000000              	mov     ebx, 0      ; return 0 status on exit - 'No Errors'
    23 0000000E B801000000              	mov     eax, 1      ; invoke SYS_EXIT (kernel opcode 1)
    24 00000013 CD80                    	int     80h
    25                                  
    26                                  section .bss
